MPLINK 4.37, Linker
Linker Map File - Created Wed Sep 29 14:08:12 2021

                                 Section Info
                  Section       Type    Address   Location Size(Bytes)
                ---------  ---------  ---------  ---------  ---------
                   .org_0       code   0x000000    program   0x000000
                   .org_1       code   0x000000    program   0x000002
                   .org_2       code   0x000004    program   0x000062
       .config_2007_EX6.O       code   0x002007    program   0x000002



                              Program Memory Usage 
                               Start         End      
                           ---------   ---------      
                            0x000000    0x000000      
                            0x000004    0x000034      
                            0x002007    0x002007      
            51 out of 8453 program addresses used, program memory utilization is 0%



                              Symbols - Sorted by Name
                     Name    Address   Location    Storage File                     
                ---------  ---------  ---------  --------- ---------                
               DECREMENTA   0x00001e    program     static C:\Users\erick\Documents\ELT\ELT 332 - INterfaces e  MicroControlador\P6\EX6.ASM
                   EXIBIR   0x000013    program     static C:\Users\erick\Documents\ELT\ELT 332 - INterfaces e  MicroControlador\P6\EX6.ASM
               INCREMENTA   0x00000c    program     static C:\Users\erick\Documents\ELT\ELT 332 - INterfaces e  MicroControlador\P6\EX6.ASM
                   INICIO   0x000025    program     static C:\Users\erick\Documents\ELT\ELT 332 - INterfaces e  MicroControlador\P6\EX6.ASM
                     MAIN   0x000031    program     static C:\Users\erick\Documents\ELT\ELT 332 - INterfaces e  MicroControlador\P6\EX6.ASM
                  SAI_INT   0x000007    program     static C:\Users\erick\Documents\ELT\ELT 332 - INterfaces e  MicroControlador\P6\EX6.ASM
                 TEST_MAX   0x000016    program     static C:\Users\erick\Documents\ELT\ELT 332 - INterfaces e  MicroControlador\P6\EX6.ASM
                 TEST_MIN   0x00001a    program     static C:\Users\erick\Documents\ELT\ELT 332 - INterfaces e  MicroControlador\P6\EX6.ASM



                              Symbols - Sorted by Address
                     Name    Address   Location    Storage File                     
                ---------  ---------  ---------  --------- ---------                
                  SAI_INT   0x000007    program     static C:\Users\erick\Documents\ELT\ELT 332 - INterfaces e  MicroControlador\P6\EX6.ASM
               INCREMENTA   0x00000c    program     static C:\Users\erick\Documents\ELT\ELT 332 - INterfaces e  MicroControlador\P6\EX6.ASM
                   EXIBIR   0x000013    program     static C:\Users\erick\Documents\ELT\ELT 332 - INterfaces e  MicroControlador\P6\EX6.ASM
                 TEST_MAX   0x000016    program     static C:\Users\erick\Documents\ELT\ELT 332 - INterfaces e  MicroControlador\P6\EX6.ASM
                 TEST_MIN   0x00001a    program     static C:\Users\erick\Documents\ELT\ELT 332 - INterfaces e  MicroControlador\P6\EX6.ASM
               DECREMENTA   0x00001e    program     static C:\Users\erick\Documents\ELT\ELT 332 - INterfaces e  MicroControlador\P6\EX6.ASM
                   INICIO   0x000025    program     static C:\Users\erick\Documents\ELT\ELT 332 - INterfaces e  MicroControlador\P6\EX6.ASM
                     MAIN   0x000031    program     static C:\Users\erick\Documents\ELT\ELT 332 - INterfaces e  MicroControlador\P6\EX6.ASM


