MPLINK 4.37, Linker
Linker Map File - Created Wed Oct 06 15:38:08 2021

                                 Section Info
                  Section       Type    Address   Location Size(Bytes)
                ---------  ---------  ---------  ---------  ---------
                   .org_0       code   0x000000    program   0x000000
                   .org_1       code   0x000000    program   0x000002
                   .org_2       code   0x000004    program   0x00006e
       .config_2007_PR7.O       code   0x002007    program   0x000002



                              Program Memory Usage 
                               Start         End      
                           ---------   ---------      
                            0x000000    0x000000      
                            0x000004    0x00003a      
                            0x002007    0x002007      
            57 out of 8453 program addresses used, program memory utilization is 0%



                              Symbols - Sorted by Name
                     Name    Address   Location    Storage File                     
                ---------  ---------  ---------  --------- ---------                
                    DELAY   0x00000c    program     static C:\Users\erick\Documents\ELT\ELT 332 - INterfaces e  MicroControlador\Lucas 90272-20210824T000114Z-001\Lucas 90272\PR7.asm
                   INICIO   0x00001d    program     static C:\Users\erick\Documents\ELT\ELT 332 - INterfaces e  MicroControlador\Lucas 90272-20210824T000114Z-001\Lucas 90272\PR7.asm
                     MAIN   0x000029    program     static C:\Users\erick\Documents\ELT\ELT 332 - INterfaces e  MicroControlador\Lucas 90272-20210824T000114Z-001\Lucas 90272\PR7.asm
                  SAI_INT   0x000007    program     static C:\Users\erick\Documents\ELT\ELT 332 - INterfaces e  MicroControlador\Lucas 90272-20210824T000114Z-001\Lucas 90272\PR7.asm
                    SALTO   0x000010    program     static C:\Users\erick\Documents\ELT\ELT 332 - INterfaces e  MicroControlador\Lucas 90272-20210824T000114Z-001\Lucas 90272\PR7.asm
                   SALTO1   0x00000e    program     static C:\Users\erick\Documents\ELT\ELT 332 - INterfaces e  MicroControlador\Lucas 90272-20210824T000114Z-001\Lucas 90272\PR7.asm



                              Symbols - Sorted by Address
                     Name    Address   Location    Storage File                     
                ---------  ---------  ---------  --------- ---------                
                  SAI_INT   0x000007    program     static C:\Users\erick\Documents\ELT\ELT 332 - INterfaces e  MicroControlador\Lucas 90272-20210824T000114Z-001\Lucas 90272\PR7.asm
                    DELAY   0x00000c    program     static C:\Users\erick\Documents\ELT\ELT 332 - INterfaces e  MicroControlador\Lucas 90272-20210824T000114Z-001\Lucas 90272\PR7.asm
                   SALTO1   0x00000e    program     static C:\Users\erick\Documents\ELT\ELT 332 - INterfaces e  MicroControlador\Lucas 90272-20210824T000114Z-001\Lucas 90272\PR7.asm
                    SALTO   0x000010    program     static C:\Users\erick\Documents\ELT\ELT 332 - INterfaces e  MicroControlador\Lucas 90272-20210824T000114Z-001\Lucas 90272\PR7.asm
                   INICIO   0x00001d    program     static C:\Users\erick\Documents\ELT\ELT 332 - INterfaces e  MicroControlador\Lucas 90272-20210824T000114Z-001\Lucas 90272\PR7.asm
                     MAIN   0x000029    program     static C:\Users\erick\Documents\ELT\ELT 332 - INterfaces e  MicroControlador\Lucas 90272-20210824T000114Z-001\Lucas 90272\PR7.asm


