MPLINK 4.37, Linker
Linker Map File - Created Mon Aug 30 14:41:04 2021

                                 Section Info
                  Section       Type    Address   Location Size(Bytes)
                ---------  ---------  ---------  ---------  ---------
                   .org_0       code   0x000000    program   0x000000
                   .org_1       code   0x000000    program   0x000002
                   .org_2       code   0x000004    program   0x000038
       .config_2007_EX0.O       code   0x002007    program   0x000002



                              Program Memory Usage 
                               Start         End      
                           ---------   ---------      
                            0x000000    0x000000      
                            0x000004    0x00001f      
                            0x002007    0x002007      
            30 out of 8453 program addresses used, program memory utilization is 0%



                              Symbols - Sorted by Name
                     Name    Address   Location    Storage File                     
                ---------  ---------  ---------  --------- ---------                
                  DESLIGA   0x00000e    program     static C:\Users\erick\Documents\ELT\ELT 332 - INterfaces e  MicroControlador\P4\EX0.ASM
                   INICIO   0x000010    program     static C:\Users\erick\Documents\ELT\ELT 332 - INterfaces e  MicroControlador\P4\EX0.ASM
                     LIGA   0x00000c    program     static C:\Users\erick\Documents\ELT\ELT 332 - INterfaces e  MicroControlador\P4\EX0.ASM
                     MAIN   0x00001c    program     static C:\Users\erick\Documents\ELT\ELT 332 - INterfaces e  MicroControlador\P4\EX0.ASM
                  SAI_INT   0x000007    program     static C:\Users\erick\Documents\ELT\ELT 332 - INterfaces e  MicroControlador\P4\EX0.ASM
               SUBROTINA1   0x000010    program     static C:\Users\erick\Documents\ELT\ELT 332 - INterfaces e  MicroControlador\P4\EX0.ASM



                              Symbols - Sorted by Address
                     Name    Address   Location    Storage File                     
                ---------  ---------  ---------  --------- ---------                
                  SAI_INT   0x000007    program     static C:\Users\erick\Documents\ELT\ELT 332 - INterfaces e  MicroControlador\P4\EX0.ASM
                     LIGA   0x00000c    program     static C:\Users\erick\Documents\ELT\ELT 332 - INterfaces e  MicroControlador\P4\EX0.ASM
                  DESLIGA   0x00000e    program     static C:\Users\erick\Documents\ELT\ELT 332 - INterfaces e  MicroControlador\P4\EX0.ASM
                   INICIO   0x000010    program     static C:\Users\erick\Documents\ELT\ELT 332 - INterfaces e  MicroControlador\P4\EX0.ASM
               SUBROTINA1   0x000010    program     static C:\Users\erick\Documents\ELT\ELT 332 - INterfaces e  MicroControlador\P4\EX0.ASM
                     MAIN   0x00001c    program     static C:\Users\erick\Documents\ELT\ELT 332 - INterfaces e  MicroControlador\P4\EX0.ASM


