MPLINK 4.37, Linker
Linker Map File - Created Wed Sep 29 13:51:37 2021

                                 Section Info
                  Section       Type    Address   Location Size(Bytes)
                ---------  ---------  ---------  ---------  ---------
                   .org_0       code   0x000000    program   0x000000
                   .org_1       code   0x000000    program   0x000002
                   .org_2       code   0x000004    program   0x000060
       .config_2007_EX5.O       code   0x002007    program   0x000002



                              Program Memory Usage 
                               Start         End      
                           ---------   ---------      
                            0x000000    0x000000      
                            0x000004    0x000033      
                            0x002007    0x002007      
            50 out of 8453 program addresses used, program memory utilization is 0%



                              Symbols - Sorted by Name
                     Name    Address   Location    Storage File                     
                ---------  ---------  ---------  --------- ---------                
               DECREMENTA   0x00001d    program     static C:\Users\erick\Documents\ELT\ELT 332 - INterfaces e  MicroControlador\P5\EX5.ASM
                   EXIBIR   0x000013    program     static C:\Users\erick\Documents\ELT\ELT 332 - INterfaces e  MicroControlador\P5\EX5.ASM
               INCREMENTA   0x00000c    program     static C:\Users\erick\Documents\ELT\ELT 332 - INterfaces e  MicroControlador\P5\EX5.ASM
                   INICIO   0x000024    program     static C:\Users\erick\Documents\ELT\ELT 332 - INterfaces e  MicroControlador\P5\EX5.ASM
                     MAIN   0x000030    program     static C:\Users\erick\Documents\ELT\ELT 332 - INterfaces e  MicroControlador\P5\EX5.ASM
                  SAI_INT   0x000007    program     static C:\Users\erick\Documents\ELT\ELT 332 - INterfaces e  MicroControlador\P5\EX5.ASM
                 TEST_MAX   0x000015    program     static C:\Users\erick\Documents\ELT\ELT 332 - INterfaces e  MicroControlador\P5\EX5.ASM
                 TEST_MIN   0x000019    program     static C:\Users\erick\Documents\ELT\ELT 332 - INterfaces e  MicroControlador\P5\EX5.ASM



                              Symbols - Sorted by Address
                     Name    Address   Location    Storage File                     
                ---------  ---------  ---------  --------- ---------                
                  SAI_INT   0x000007    program     static C:\Users\erick\Documents\ELT\ELT 332 - INterfaces e  MicroControlador\P5\EX5.ASM
               INCREMENTA   0x00000c    program     static C:\Users\erick\Documents\ELT\ELT 332 - INterfaces e  MicroControlador\P5\EX5.ASM
                   EXIBIR   0x000013    program     static C:\Users\erick\Documents\ELT\ELT 332 - INterfaces e  MicroControlador\P5\EX5.ASM
                 TEST_MAX   0x000015    program     static C:\Users\erick\Documents\ELT\ELT 332 - INterfaces e  MicroControlador\P5\EX5.ASM
                 TEST_MIN   0x000019    program     static C:\Users\erick\Documents\ELT\ELT 332 - INterfaces e  MicroControlador\P5\EX5.ASM
               DECREMENTA   0x00001d    program     static C:\Users\erick\Documents\ELT\ELT 332 - INterfaces e  MicroControlador\P5\EX5.ASM
                   INICIO   0x000024    program     static C:\Users\erick\Documents\ELT\ELT 332 - INterfaces e  MicroControlador\P5\EX5.ASM
                     MAIN   0x000030    program     static C:\Users\erick\Documents\ELT\ELT 332 - INterfaces e  MicroControlador\P5\EX5.ASM


